// Jest Snapshot v1, https://goo.gl/fbAQLP

exports[`renders with no problems 1`] = `[Function]`;
